// Jest Snapshot v1, https://goo.gl/fbAQLP

exports[`CompanyNotFound should render correctly 1`] = `
<DocumentFragment>
  <div
    class="no-company"
  >
    <h2>
      Page Not Found
    </h2>
    <p
      class="go-page"
    >
      <a
        href="/"
      >
        Got to Home page
      </a>
    </p>
  </div>
</DocumentFragment>
`;
